yukleme: verified
    BOOT,hafta01,work_us_per_100k=14305
    STA,IDLE,S0,0,30,0

===== S0 =====
>>> CMD,SCEN,S0
    ACK,SCEN,S0,0,0
    STA,ARMED,S0,0,30,0
>>> CMD,START,5
    ACK,START,5
    STA,WARMUP,S0,0,5,0
    STA,MEASURING,S0,0,5,0
*** S0: OLCUM BASLADI — mavi LED. 5 kez basin. ***
    BTN,1,S0,PRESSED
    BTN,2,S0,PRESSED
    BTN,3,S0,PRESSED
    BTN,4,S0,PRESSED
    BTN,5,S0,PRESSED
    STA,DONE,S0,5,5,0
>>> CMD,DUMP
    REC,S0,1,476844878,476844890,476844906,476845031,476850584,ok
    REC,S0,2,477260959,477260971,477260987,477261111,477266662,ok
    REC,S0,3,477655899,477655911,477655927,477656052,477661611,ok
    REC,S0,4,478043570,478043582,478043598,478043722,478049280,ok
    REC,S0,5,478443678,478443690,478443706,478443831,478449385,ok
    TST,S0,0,0,0,0,0,0
    CNI,5,0,0,0,0,3,5,0,0,0,0
    CNT,0,0,0,0,0,0,0,0,1,0
    END,S0,5
   id   t1-t0   t2-t1    t3-t2    t4-t3        R  durum   [µs]
    1      12      16      125     5553     5706  ok
    2      12      16      124     5551     5703  ok
    3      12      16      125     5559     5712  ok
    4      12      16      124     5558     5710  ok
    5      12      16      125     5554     5707  ok

===== S3 =====
>>> CMD,SCEN,S3
    ACK,SCEN,S3,10,0
    STA,ARMED,S3,0,5,10
>>> CMD,START,5
    ACK,START,5
    STA,WARMUP,S3,0,5,10
    STA,MEASURING,S3,0,5,10
*** S3: OLCUM BASLADI — mavi LED. 5 kez basin. ***
    BTN,6,S3,PRESSED
    BTN,7,S3,PRESSED
    BTN,8,S3,PRESSED
    BTN,9,S3,PRESSED
    BTN,10,S3,PRESSED
    STA,DONE,S3,5,5,10
>>> CMD,DUMP
    REC,S3,6,486473566,486473578,486473594,486478830,486484382,ok
    REC,S3,7,486804493,486804505,486804522,486808830,486814382,ok
    REC,S3,8,487217993,487218005,487218021,487218833,487224385,ok
    REC,S3,9,487616377,487616389,487616405,487618826,487624378,ok
    REC,S3,10,487991558,487991569,487991586,487991695,487997252,ok
    TST,S3,930,9926,9999,10002,0,0
    CNI,5,0,0,0,0,8,5,0,0,0,0
    CNT,0,0,0,0,0,0,0,0,2,0
    END,S3,5
   id   t1-t0   t2-t1    t3-t2    t4-t3        R  durum   [µs]
    6      12      16     5236     5552    10816  ok
    7      12      17     4308     5552     9889  ok
    8      12      16      812     5552     6392  ok
    9      12      16     2421     5552     8001  ok
   10      11      17      109     5557     5694  ok

BITTI
